   0:    0
   1:    0
   2:    0
   3:    0
   4:    0
   5:    0
   6:    0
   7:    0
   8:    0
   9: 695601
  10:    0
  11: 62748
  12:    0
  13: 2915
  14:    0
  15: 26926
  16:    0
  17:    0
  18:    0
  19:    0
  20:    0
  21:    0
  22:    0
  23:    0
  24:    0
  25: 170690
  26:    0
  27: 15495
  28:    0
  29: 2502
  30:    0
  31: 23123
